// Jest Snapshot v1, https://goo.gl/fbAQLP

exports[`silverstripe-components Snapshots makeIndexImports 1`] = `
Object {
  "react-ts/index.tsx": "// DEVELOPER NOTE: These components are ready to lazy-load. You may also import components directly.

export const blah.js = () => import(\\"./blah.js\\");
",
  "react-ts/indexNotLazy.tsx": "// DEVELOPER NOTE: This file includes all components so importing this file may be very inefficient. Use carefully! You may prefer to import components directly or use index.js which has import functions, typically treated as a code splitting point.

export { default as blahJs } from \\"./blah.js\\";
",
}
`;

exports[`silverstripe-components Snapshots silverstripe-components: <img src="pic.jpeg" class="frogs"> 1`] = `
Object {
  "disposeAll": [Function],
  "metaTemplates": Array [
    Object {
      "files": Object {
        "silverstripe-components/imgSrc.ss": "<img class=\\"frogs\\"<% if $src %> src=\\"{$src}\\"<% end_if %><% if $width %> width=\\"{$width}\\"<% end_if %><% if $height %> height=\\"{$height}\\"<% end_if %><% if $srcset %> srcset=\\"{$srcset}\\"<% end_if %><% if $crossorigin %> crossorigin=\\"{$crossorigin}\\"<% end_if %>/>",
      },
      "formatId": "silverstripe-components",
    },
  ],
}
`;

exports[`silverstripe-components Snapshots silverstripe-components: Basic variables 1`] = `
Object {
  "disposeAll": [Function],
  "metaTemplates": Array [
    Object {
      "files": Object {
        "silverstripe-components/paragraph.ss": "<p> {$children}
</p>",
      },
      "formatId": "silverstripe-components",
    },
  ],
}
`;

exports[`silverstripe-components Snapshots silverstripe-components: Boolean attribute values 1`] = `
Array [
  Object {
    "files": Object {
      "silverstripe-components/row.ss": "<div class=\\"g-flex-row<% if $isReversed %>  g-flex-reverse<% end_if %>\\"> 
            {$children}

          </div>",
    },
    "formatId": "silverstripe-components",
  },
]
`;

exports[`silverstripe-components Snapshots silverstripe-components: Boolean attribute values 2`] = `
Array [
  Object {
    "files": Object {
      "silverstripe-components/row.ss": "<div class=\\"g-form-group<% if $errorId %>  g-form-group--error<% end_if %>\\"> 
            <fieldset<% if $hintId && $errorId %> aria-describedby=\\"{$hintId} {$errorId}\\"<% end_if %> class=\\"g-fieldset\\"> 
              <legend class=\\"g-fieldset__legend\\"> 
                {$legend}

              </legend> 
              
                <div class=\\"g-hint\\"<% if $hintId %> id=\\"{$hintId}\\"<% end_if %>> 
                  {$hint}

                </div> 
              
              
                <div class=\\"g-error-message\\"<% if $errorId %> id=\\"{$errorId}\\"<% end_if %>> 
                  <span class=\\"g-visually-hidden\\"> 
                    Error:
                  </span> 
                  {$error}

                </div> 
              
              <div> {$children}
</div> 
            </fieldset> 
          </div>",
    },
    "formatId": "silverstripe-components",
  },
]
`;

exports[`silverstripe-components Snapshots silverstripe-components: Enum attribute values 1`] = `
Array [
  Object {
    "files": Object {
      "silverstripe-components/container.ss": "<div class=\\"<% if $containerType == \\"g-flex-container\\" %>g-flex-container<% else_if $containerType == \\"g-flex-container-fluid\\" %>g-flex-container-fluid<% end_if %>\\"> 
          {$children}

        </div>",
    },
    "formatId": "silverstripe-components",
  },
]
`;

exports[`silverstripe-components Snapshots silverstripe-components: Form input[checked] 1`] = `
Object {
  "disposeAll": [Function],
  "metaTemplates": Array [
    Object {
      "files": Object {
        "silverstripe-components/input.ss": "<input<% if $textId %> id=\\"{$textId}\\"<% end_if %> type=\\"checkbox\\"<% if $name %> name=\\"{$name}\\"<% end_if %><% if $disabled %> disabled=\\"<% if $disabled %>undefined<% end_if %>\\"<% end_if %><% if $readOnly %> readonly=\\"<% if $readOnly %>undefined<% end_if %>\\"<% end_if %><% if $autoFocus %> autofocus=\\"<% if $autoFocus %>undefined<% end_if %>\\"<% end_if %><% if $value %> value=\\"{$value}\\"<% end_if %><% if $checked %> checked=\\"<% if $checked %>undefined<% end_if %>\\"<% end_if %>/>",
      },
      "formatId": "silverstripe-components",
    },
  ],
}
`;

exports[`silverstripe-components Snapshots silverstripe-components: Form label input[checked] 1`] = `
Object {
  "disposeAll": [Function],
  "metaTemplates": Array [
    Object {
      "files": Object {
        "silverstripe-components/input.ss": "<label<% if $textId %> for=\\"{$textId}\\"<% end_if %>> <input<% if $textId %> id=\\"{$textId}\\"<% end_if %> type=\\"checkbox\\"<% if $name %> name=\\"{$name}\\"<% end_if %><% if $disabled %> disabled=\\"<% if $disabled %>undefined<% end_if %>\\"<% end_if %><% if $readOnly %> readonly=\\"<% if $readOnly %>undefined<% end_if %>\\"<% end_if %><% if $autoFocus %> autofocus=\\"<% if $autoFocus %>undefined<% end_if %>\\"<% end_if %><% if $value %> value=\\"{$value}\\"<% end_if %><% if $checked %> checked=\\"<% if $checked %>undefined<% end_if %>\\"<% end_if %>/> </label>",
      },
      "formatId": "silverstripe-components",
    },
  ],
}
`;

exports[`silverstripe-components Snapshots silverstripe-components: H1 with configurable Id 1`] = `
Object {
  "disposeAll": [Function],
  "metaTemplates": Array [
    Object {
      "files": Object {
        "silverstripe-components/h1Id.ss": "<h1<% if $id %> id=\\"{$id}\\"<% end_if %>> stuff</h1>",
      },
      "formatId": "silverstripe-components",
    },
  ],
}
`;

exports[`silverstripe-components Snapshots silverstripe-components: Link with boolean class 1`] = `
Array [
  Object {
    "files": Object {
      "silverstripe-components/a.ss": "<a class=\\"g-link<% if $isMuted %>  g-link--muted<% end_if %>\\"<% if $href %> href=\\"{$href}\\"<% end_if %><% if $rel %> rel=\\"{$rel}\\"<% end_if %><% if $target %> target=\\"{$target}\\"<% end_if %>> {$children}
</a>",
    },
    "formatId": "silverstripe-components",
  },
]
`;

exports[`silverstripe-components Snapshots silverstripe-components: Lots of enum attribute values 1`] = `
Array [
  Object {
    "files": Object {
      "silverstripe-components/container.ss": "<div class=\\"g-flex-col<% if $isReversed %>  g-flex-reverse<% end_if %><% if $columnXs == \\"g-flex-col-xs\\" %> g-flex-col-xs<% else_if $columnXs == \\"g-flex-col-xs-1\\" %> g-flex-col-xs-1<% else_if $columnXs == \\"g-flex-col-xs-2\\" %> g-flex-col-xs-2<% else_if $columnXs == \\"g-flex-col-xs-3\\" %> g-flex-col-xs-3<% else_if $columnXs == \\"g-flex-col-xs-4\\" %> g-flex-col-xs-4<% else_if $columnXs == \\"g-flex-col-xs-5\\" %> g-flex-col-xs-5<% else_if $columnXs == \\"g-flex-col-xs-6\\" %> g-flex-col-xs-6<% else_if $columnXs == \\"g-flex-col-xs-7\\" %> g-flex-col-xs-7<% else_if $columnXs == \\"g-flex-col-xs-8\\" %> g-flex-col-xs-8<% else_if $columnXs == \\"g-flex-col-xs-9\\" %> g-flex-col-xs-9<% else_if $columnXs == \\"g-flex-col-xs-10\\" %> g-flex-col-xs-10<% else_if $columnXs == \\"g-flex-col-xs-11\\" %> g-flex-col-xs-11<% else_if $columnXs == \\"g-flex-col-xs-12\\" %> g-flex-col-xs-12<% end_if %>\\"> 
        {$children}

      </div>",
    },
    "formatId": "silverstripe-components",
  },
]
`;

exports[`silverstripe-components Snapshots silverstripe-components: form input[text] 1`] = `
Object {
  "disposeAll": [Function],
  "metaTemplates": Array [
    Object {
      "files": Object {
        "silverstripe-components/input.ss": "<label<% if $textId %> for=\\"{$textId}\\"<% end_if %>> Label text</label> <input<% if $textId %> id=\\"{$textId}\\"<% end_if %> type=\\"text\\"<% if $name %> name=\\"{$name}\\"<% end_if %><% if $disabled %> disabled=\\"<% if $disabled %>undefined<% end_if %>\\"<% end_if %><% if $readOnly %> readonly=\\"<% if $readOnly %>undefined<% end_if %>\\"<% end_if %><% if $autoFocus %> autofocus=\\"<% if $autoFocus %>undefined<% end_if %>\\"<% end_if %><% if $value %> value=\\"{$value}\\"<% end_if %><% if $spellCheck %> spellcheck=\\"<% if $spellCheck %>undefined<% end_if %>\\"<% end_if %><% if $maxLength %> maxlength=\\"\\"<% end_if %><% if $autoComplete %> autocomplete=\\"{$autoComplete}\\"<% end_if %>/>",
      },
      "formatId": "silverstripe-components",
    },
  ],
}
`;

exports[`silverstripe-components silverstripe-components: CSS Configuration (CSS Variables and Scss Variables) 1`] = `
Array [
  Object {
    "files": Object {
      "silverstripe-components/a.ss": "<a class=\\"g-link<% if $isMuted %>  g-link--muted<% end_if %>\\"<% if $href %> href=\\"{$href}\\"<% end_if %><% if $rel %> rel=\\"{$rel}\\"<% end_if %><% if $target %> target=\\"{$target}\\"<% end_if %>> {$children}
</a>",
    },
    "formatId": "silverstripe-components",
  },
]
`;

exports[`silverstripe-components silverstripe-components: CSS Configuration (CSS Variables and Scss Variables) 2`] = `
Array [
  Object {
    "files": Object {
      "silverstripe-components/a.ss": "<a class=\\"g-link<% if $isMuted %>  g-link--muted<% end_if %>\\"<% if $href %> href=\\"{$href}\\"<% end_if %><% if $rel %> rel=\\"{$rel}\\"<% end_if %><% if $target %> target=\\"{$target}\\"<% end_if %>> {$children}
</a>",
    },
    "formatId": "silverstripe-components",
  },
]
`;

exports[`silverstripe-components silverstripe-components: CSS Configuration of Fonts 1`] = `
Array [
  Object {
    "files": Object {
      "silverstripe-components/a.ss": "<a class=\\"g-link\\"<% if $href %> href=\\"{$href}\\"<% end_if %><% if $rel %> rel=\\"{$rel}\\"<% end_if %><% if $target %> target=\\"{$target}\\"<% end_if %>> {$children}
</a>",
    },
    "formatId": "silverstripe-components",
  },
]
`;

exports[`silverstripe-components silverstripe-components: CalculatedProps 1`] = `
Object {
  "disposeAll": [Function],
  "metaTemplates": Array [
    Object {
      "files": Object {
        "silverstripe-components/textbox.ss": "<input<% if $name %> name=\\"{$name}\\"<% end_if %><% if $disabled %> disabled=\\"<% if $disabled %>undefined<% end_if %>\\"<% end_if %><% if $readOnly %> readonly=\\"<% if $readOnly %>undefined<% end_if %>\\"<% end_if %><% if $autoFocus %> autofocus=\\"<% if $autoFocus %>undefined<% end_if %>\\"<% end_if %><% if $value %> value=\\"{$value}\\"<% end_if %><% if $min %> min=\\"\\"<% end_if %><% if $max %> max=\\"\\"<% end_if %><% if $type %> type=\\"{$type}\\"<% end_if %><% if $spellCheck %> spellcheck=\\"<% if $spellCheck %>undefined<% end_if %>\\"<% end_if %><% if $maxLength %> maxlength=\\"\\"<% end_if %><% if $autoComplete %> autocomplete=\\"{$autoComplete}\\"<% end_if %>/>",
      },
      "formatId": "silverstripe-components",
    },
  ],
}
`;

exports[`silverstripe-components silverstripe-components: jsxToUsageCode with boolean false 1`] = `
Object {
  "silverstripe-components": "",
}
`;

exports[`silverstripe-components silverstripe-components: jsxToUsageCode with boolean false and inline HTML 1`] = `
Object {
  "silverstripe-components": "",
}
`;

exports[`silverstripe-components silverstripe-components: jsxToUsageCode with boolean true 1`] = `
Object {
  "silverstripe-components": "",
}
`;

exports[`silverstripe-components silverstripe-components: jsxToUsageCode with enumerations 1`] = `
Object {
  "silverstripe-components": "",
}
`;

exports[`silverstripe-components silverstripe-components: makeUsage 1`] = `
Object {
  "silverstripe-components": "",
}
`;

exports[`silverstripe-components silverstripe-components: makeUsage with booleans 1`] = `
Object {
  "silverstripe-components": "",
}
`;
